venv\Scripts\python : 
D:\ai agent\main.py:7: 
FutureWarning: 
At line:1 char:30
+ ... t test_input.txt 
| venv\Scripts\python 
main.py > 
test_output.txt 2>&1
+                      
  ~~~~~~~~~~~~~~~~~~~~~
~~~~~~~~~~~~~~~~~~~~~~~
~~~~~~
    + CategoryInfo     
         : NotSpecifi  
  ed: (D:\ai agent\m   
 ain.py:7: FutureWa    
rning: :String) []    
, RemoteException
    + FullyQualifiedEr 
   rorId : NativeComm  
  andError
 

All support for the 
`google.generativeai` 
package has ended. It 
will no longer be 
receiving 
updates or bug fixes. 
Please switch to the 
`google.genai` package 
as soon as possible.
See README for more 
details:

https://github.com/goog
le-gemini/deprecated-ge
nerative-ai-python/blob
/main/README.md

  import 
google.generativeai as 
genai
==================================================
   AIVA - AI INTERVIEW AGENT AVATAR
==================================================
Enable Text-to-Speech voice for AIVA? (y/n): 
AIVA: Please select the job role you are applying for, your preferred programming language(s), and your experience level (Fresher / Junior / Mid / Senior).

You: 
AIVA is thinking...

AIVA: Welcome. Let's begin your interview.

Python offers several built-in data structures like lists, tuples, sets, and dictionaries. Can you explain the primary differences between a list and a tuple, and in what scenarios you would choose one over the other?

You: 
Ending the interview early. Best of luck!
